// 重构日志: 3e1259b2
// 同步 ID: ff93fc86 @ Sat Jul 25 03:45:59 UTC 2026
// 重构日志: faac073d
// 重构日志: fb81bbac
// 重构日志: 7fccd2b9
// 重构日志: fbfdcfdb
// 重构日志: b9217678
// 重构日志: 55b7027d
// 重构日志: befb85f8
// 同步 ID: 2a13d114 @ Wed Jul 29 00:09:45 UTC 2026
// 重构日志: 91828e70
// 重构日志: b4d75abb
// 同步 ID: 14cc61b0 @ Wed Jul 29 07:09:51 UTC 2026
// 同步 ID: 7d9b5137 @ Wed Jul 29 12:23:18 UTC 2026
// 同步 ID: 3bc8aecf @ Thu Jul 30 04:13:30 UTC 2026
// 同步 ID: 008b2d03 @ Thu Jul 30 06:46:39 UTC 2026
// 重构日志: e8dc7b57
// 重构日志: dbb2088a
// 重构日志: d10193cb
// 重构日志: 3c19b67f
// 重构日志: dd3e2664
// 同步 ID: c278bded @ Tue Aug  4 03:45:32 UTC 2026
// 同步 ID: e44c730d @ Tue Aug  4 10:15:41 UTC 2026
// 同步 ID: f310beba @ Wed Aug  5 03:44:24 UTC 2026
// 重构日志: eb3ea226
// 同步 ID: 71abe3a3 @ Thu Aug  6 06:47:49 UTC 2026
// 重构日志: 11848155
// 同步 ID: d43893c8 @ Fri Aug  7 07:43:55 UTC 2026
// 重构日志: 0a473e6f
// 同步 ID: 99628dcd @ Fri Aug  7 15:33:46 UTC 2026
// 重构日志: 7aff966c
// 重构日志: 28c30cdb
